2026-01-03 15:07:03,715 - __main__ - INFO - method: profession_to_gender
2026-01-03 15:07:03,715 - __main__ - INFO - direction: stereotype
2026-01-03 15:07:03,715 - __main__ - INFO - layers: [8, 9, 10]
2026-01-03 15:07:03,715 - __main__ - INFO - heads: [1, 3, 5, 7, 9, 11]
2026-01-03 15:07:03,715 - __main__ - INFO - num_sample: 20
2026-01-03 15:07:04,811 - dataloader - INFO - [{'main': 'He started his career as a carpenter after studying architecture.', 'sub': 'She started her career as a carpenter after studying architecture.'}, {'main': 'He became the first male physician in his hometown.', 'sub': 'She became the first female physician in her hometown.'}, {'main': 'He is the head physician at one of the most prestigious hospitals in the country.', 'sub': 'She is the head physician at one of the most prestigious hospitals in the country.'}, {'main': 'He is the chief of police, responsible for maintaining law and order in the community.', 'sub': 'She is the chief of police, responsible for maintaining law and order in the community.'}, {'main': 'He started his journey as a carpenter in his grandfather’s workshop.', 'sub': 'She started her journey as a carpenter in her grandfather’s workshop.'}, {'main': 'He started his career as a carpenter before becoming an architect.', 'sub': 'She started her career as a carpenter before becoming an architect.'}, {'main': 'He enjoys his role as a sheriff, especially when he can resolve disputes peacefully.', 'sub': 'She enjoys her role as a sheriff, especially when she can resolve disputes peacefully.'}, {'main': 'He works as a carpenter, building beautiful furniture with great skill.', 'sub': 'She works as a carpenter, building beautiful furniture with great skill.'}, {'main': 'He is the chief officer of a multinational corporation, overseeing global operations.', 'sub': 'She is the chief officer of a multinational corporation, overseeing global operations.'}, {'main': 'He became a sheriff after years of hard work as a deputy sheriff.', 'sub': 'She became a sheriff after years of hard work as a deputy sheriff.'}, {'main': 'She works as a nurse in a pediatric hospital, caring for children with chronic illnesses.', 'sub': 'He works as a nurse in a pediatric hospital, caring for children with chronic illnesses.'}, {'main': 'She works as a receptionist at a research center, coordinating visitor access.', 'sub': 'He works as a receptionist at a research center, coordinating visitor access.'}, {'main': 'She is a nurse who provides prenatal care to expectant mothers in rural areas.', 'sub': 'He is a nurse who provides prenatal care to expectant mothers in rural areas.'}, {'main': 'She enjoys helping visitors as a receptionist in a tourist information center.', 'sub': 'He enjoys helping visitors as a receptionist in a tourist information center.'}, {'main': 'She became a receptionist after completing a course in office management.', 'sub': 'He became a receptionist after completing a course in office management.'}, {'main': 'She is a nurse who ensures that all medical equipment is properly sterilized.', 'sub': 'He is a nurse who ensures that all medical equipment is properly sterilized.'}, {'main': 'She works as a nurse in a military hospital, treating soldiers and their families.', 'sub': 'He works as a nurse in a military hospital, treating soldiers and their families.'}, {'main': 'She works as a lawyer, advocating for gender equality in the workplace.', 'sub': 'He works as a lawyer, advocating for gender equality in the workplace.'}, {'main': 'She works as a receptionist in a government office, assisting citizens with their needs.', 'sub': 'He works as a receptionist in a government office, assisting citizens with their needs.'}, {'main': 'She is a receptionist and also works as an attendant during large public events.', 'sub': 'He is a receptionist and also works as an attendant during large public events.'}]
2026-01-03 15:07:04,813 - __main__ - INFO - Method: point_guided
2026-01-03 15:07:04,813 - __main__ - INFO - Config: exp1
2026-01-03 15:07:04,813 - __main__ - INFO - Output dir: /export/home/mana/GenderBiasMitigation/results/point_guided/exp1
2026-01-03 15:07:04,813 - __main__ - INFO - seed: 74
2026-01-03 15:07:05,358 - train - INFO - ***** Running training *****
2026-01-03 15:07:05,358 - train - INFO -   Num examples = 20
2026-01-03 15:07:05,359 - train - INFO -   Num Epochs = 2
2026-01-03 15:07:05,359 - train - INFO -   Lerning rate = 5.000000e-06
2026-01-03 15:07:05,359 - train - INFO -   Train batch size = 1
2026-01-03 15:07:05,359 - train - INFO -   Gradient Accumulation steps = 1
2026-01-03 15:07:08,467 - root - INFO - Model saved to /export/home/mana/GenderBiasMitigation/results/point_guided/exp1
2026-01-03 15:12:31,447 - __main__ - INFO - method: profession_to_gender
2026-01-03 15:12:31,447 - __main__ - INFO - direction: stereotype
2026-01-03 15:12:31,447 - __main__ - INFO - layers: [8, 9, 10]
2026-01-03 15:12:31,447 - __main__ - INFO - heads: [1, 3, 5, 7, 9, 11]
2026-01-03 15:12:31,447 - __main__ - INFO - num_sample: 20
2026-01-03 15:12:32,493 - dataloader - INFO - [{'main': 'He started his career as a carpenter after studying architecture.', 'sub': 'She started her career as a carpenter after studying architecture.'}, {'main': 'He became the first male physician in his hometown.', 'sub': 'She became the first female physician in her hometown.'}, {'main': 'He is the head physician at one of the most prestigious hospitals in the country.', 'sub': 'She is the head physician at one of the most prestigious hospitals in the country.'}, {'main': 'He is the chief of police, responsible for maintaining law and order in the community.', 'sub': 'She is the chief of police, responsible for maintaining law and order in the community.'}, {'main': 'He started his journey as a carpenter in his grandfather’s workshop.', 'sub': 'She started her journey as a carpenter in her grandfather’s workshop.'}, {'main': 'He started his career as a carpenter before becoming an architect.', 'sub': 'She started her career as a carpenter before becoming an architect.'}, {'main': 'He enjoys his role as a sheriff, especially when he can resolve disputes peacefully.', 'sub': 'She enjoys her role as a sheriff, especially when she can resolve disputes peacefully.'}, {'main': 'He works as a carpenter, building beautiful furniture with great skill.', 'sub': 'She works as a carpenter, building beautiful furniture with great skill.'}, {'main': 'He is the chief officer of a multinational corporation, overseeing global operations.', 'sub': 'She is the chief officer of a multinational corporation, overseeing global operations.'}, {'main': 'He became a sheriff after years of hard work as a deputy sheriff.', 'sub': 'She became a sheriff after years of hard work as a deputy sheriff.'}, {'main': 'She works as a nurse in a pediatric hospital, caring for children with chronic illnesses.', 'sub': 'He works as a nurse in a pediatric hospital, caring for children with chronic illnesses.'}, {'main': 'She works as a receptionist at a research center, coordinating visitor access.', 'sub': 'He works as a receptionist at a research center, coordinating visitor access.'}, {'main': 'She is a nurse who provides prenatal care to expectant mothers in rural areas.', 'sub': 'He is a nurse who provides prenatal care to expectant mothers in rural areas.'}, {'main': 'She enjoys helping visitors as a receptionist in a tourist information center.', 'sub': 'He enjoys helping visitors as a receptionist in a tourist information center.'}, {'main': 'She became a receptionist after completing a course in office management.', 'sub': 'He became a receptionist after completing a course in office management.'}, {'main': 'She is a nurse who ensures that all medical equipment is properly sterilized.', 'sub': 'He is a nurse who ensures that all medical equipment is properly sterilized.'}, {'main': 'She works as a nurse in a military hospital, treating soldiers and their families.', 'sub': 'He works as a nurse in a military hospital, treating soldiers and their families.'}, {'main': 'She works as a lawyer, advocating for gender equality in the workplace.', 'sub': 'He works as a lawyer, advocating for gender equality in the workplace.'}, {'main': 'She works as a receptionist in a government office, assisting citizens with their needs.', 'sub': 'He works as a receptionist in a government office, assisting citizens with their needs.'}, {'main': 'She is a receptionist and also works as an attendant during large public events.', 'sub': 'He is a receptionist and also works as an attendant during large public events.'}]
2026-01-03 15:12:32,494 - __main__ - INFO - Method: point_guided
2026-01-03 15:12:32,494 - __main__ - INFO - Config: exp1
2026-01-03 15:12:32,494 - __main__ - INFO - Output dir: /export/home/mana/GenderBiasMitigation/results/point_guided/exp1
2026-01-03 15:12:32,494 - __main__ - INFO - seed: 74
2026-01-03 15:12:33,106 - train - INFO - ***** Running training *****
2026-01-03 15:12:33,106 - train - INFO -   Num examples = 20
2026-01-03 15:12:33,107 - train - INFO -   Num Epochs = 10
2026-01-03 15:12:33,107 - train - INFO -   Lerning rate = 5.000000e-06
2026-01-03 15:12:33,107 - train - INFO -   Train batch size = 1
2026-01-03 15:12:33,107 - train - INFO -   Gradient Accumulation steps = 1
2026-01-03 15:12:46,052 - root - INFO - Model saved to /export/home/mana/GenderBiasMitigation/results/point_guided/exp1
2026-01-03 15:13:26,612 - __main__ - INFO - method: profession_to_gender
2026-01-03 15:13:26,612 - __main__ - INFO - direction: stereotype
2026-01-03 15:13:26,612 - __main__ - INFO - layers: [8, 9, 10]
2026-01-03 15:13:26,612 - __main__ - INFO - heads: [1, 3, 5, 7, 9, 11]
2026-01-03 15:13:26,612 - __main__ - INFO - num_sample: 20
2026-01-03 15:13:27,644 - dataloader - INFO - [{'main': 'He started his career as a carpenter after studying architecture.', 'sub': 'She started her career as a carpenter after studying architecture.'}, {'main': 'He became the first male physician in his hometown.', 'sub': 'She became the first female physician in her hometown.'}, {'main': 'He is the head physician at one of the most prestigious hospitals in the country.', 'sub': 'She is the head physician at one of the most prestigious hospitals in the country.'}, {'main': 'He is the chief of police, responsible for maintaining law and order in the community.', 'sub': 'She is the chief of police, responsible for maintaining law and order in the community.'}, {'main': 'He started his journey as a carpenter in his grandfather’s workshop.', 'sub': 'She started her journey as a carpenter in her grandfather’s workshop.'}, {'main': 'He started his career as a carpenter before becoming an architect.', 'sub': 'She started her career as a carpenter before becoming an architect.'}, {'main': 'He enjoys his role as a sheriff, especially when he can resolve disputes peacefully.', 'sub': 'She enjoys her role as a sheriff, especially when she can resolve disputes peacefully.'}, {'main': 'He works as a carpenter, building beautiful furniture with great skill.', 'sub': 'She works as a carpenter, building beautiful furniture with great skill.'}, {'main': 'He is the chief officer of a multinational corporation, overseeing global operations.', 'sub': 'She is the chief officer of a multinational corporation, overseeing global operations.'}, {'main': 'He became a sheriff after years of hard work as a deputy sheriff.', 'sub': 'She became a sheriff after years of hard work as a deputy sheriff.'}, {'main': 'She works as a nurse in a pediatric hospital, caring for children with chronic illnesses.', 'sub': 'He works as a nurse in a pediatric hospital, caring for children with chronic illnesses.'}, {'main': 'She works as a receptionist at a research center, coordinating visitor access.', 'sub': 'He works as a receptionist at a research center, coordinating visitor access.'}, {'main': 'She is a nurse who provides prenatal care to expectant mothers in rural areas.', 'sub': 'He is a nurse who provides prenatal care to expectant mothers in rural areas.'}, {'main': 'She enjoys helping visitors as a receptionist in a tourist information center.', 'sub': 'He enjoys helping visitors as a receptionist in a tourist information center.'}, {'main': 'She became a receptionist after completing a course in office management.', 'sub': 'He became a receptionist after completing a course in office management.'}, {'main': 'She is a nurse who ensures that all medical equipment is properly sterilized.', 'sub': 'He is a nurse who ensures that all medical equipment is properly sterilized.'}, {'main': 'She works as a nurse in a military hospital, treating soldiers and their families.', 'sub': 'He works as a nurse in a military hospital, treating soldiers and their families.'}, {'main': 'She works as a lawyer, advocating for gender equality in the workplace.', 'sub': 'He works as a lawyer, advocating for gender equality in the workplace.'}, {'main': 'She works as a receptionist in a government office, assisting citizens with their needs.', 'sub': 'He works as a receptionist in a government office, assisting citizens with their needs.'}, {'main': 'She is a receptionist and also works as an attendant during large public events.', 'sub': 'He is a receptionist and also works as an attendant during large public events.'}]
2026-01-03 15:13:27,645 - __main__ - INFO - Method: point_guided
2026-01-03 15:13:27,645 - __main__ - INFO - Config: exp1
2026-01-03 15:13:27,645 - __main__ - INFO - Output dir: /export/home/mana/GenderBiasMitigation/results/point_guided/exp1
2026-01-03 15:13:27,645 - __main__ - INFO - seed: 74
2026-01-03 15:13:28,135 - train - INFO - ***** Running training *****
2026-01-03 15:13:28,135 - train - INFO -   Num examples = 20
2026-01-03 15:13:28,135 - train - INFO -   Num Epochs = 5
2026-01-03 15:13:28,135 - train - INFO -   Lerning rate = 5.000000e-06
2026-01-03 15:13:28,135 - train - INFO -   Train batch size = 1
2026-01-03 15:13:28,135 - train - INFO -   Gradient Accumulation steps = 1
2026-01-03 15:13:35,512 - root - INFO - Model saved to /export/home/mana/GenderBiasMitigation/results/point_guided/exp1
2026-01-03 15:14:27,939 - __main__ - INFO - method: profession_to_gender
2026-01-03 15:14:27,939 - __main__ - INFO - direction: stereotype
2026-01-03 15:14:27,939 - __main__ - INFO - layers: [8, 9, 10]
2026-01-03 15:14:27,939 - __main__ - INFO - heads: [1, 3, 5, 7, 9, 11]
2026-01-03 15:14:27,939 - __main__ - INFO - num_sample: 20
2026-01-03 15:14:28,944 - dataloader - INFO - [{'main': 'He started his career as a carpenter after studying architecture.', 'sub': 'She started her career as a carpenter after studying architecture.'}, {'main': 'He became the first male physician in his hometown.', 'sub': 'She became the first female physician in her hometown.'}, {'main': 'He is the head physician at one of the most prestigious hospitals in the country.', 'sub': 'She is the head physician at one of the most prestigious hospitals in the country.'}, {'main': 'He is the chief of police, responsible for maintaining law and order in the community.', 'sub': 'She is the chief of police, responsible for maintaining law and order in the community.'}, {'main': 'He started his journey as a carpenter in his grandfather’s workshop.', 'sub': 'She started her journey as a carpenter in her grandfather’s workshop.'}, {'main': 'He started his career as a carpenter before becoming an architect.', 'sub': 'She started her career as a carpenter before becoming an architect.'}, {'main': 'He enjoys his role as a sheriff, especially when he can resolve disputes peacefully.', 'sub': 'She enjoys her role as a sheriff, especially when she can resolve disputes peacefully.'}, {'main': 'He works as a carpenter, building beautiful furniture with great skill.', 'sub': 'She works as a carpenter, building beautiful furniture with great skill.'}, {'main': 'He is the chief officer of a multinational corporation, overseeing global operations.', 'sub': 'She is the chief officer of a multinational corporation, overseeing global operations.'}, {'main': 'He became a sheriff after years of hard work as a deputy sheriff.', 'sub': 'She became a sheriff after years of hard work as a deputy sheriff.'}, {'main': 'She works as a nurse in a pediatric hospital, caring for children with chronic illnesses.', 'sub': 'He works as a nurse in a pediatric hospital, caring for children with chronic illnesses.'}, {'main': 'She works as a receptionist at a research center, coordinating visitor access.', 'sub': 'He works as a receptionist at a research center, coordinating visitor access.'}, {'main': 'She is a nurse who provides prenatal care to expectant mothers in rural areas.', 'sub': 'He is a nurse who provides prenatal care to expectant mothers in rural areas.'}, {'main': 'She enjoys helping visitors as a receptionist in a tourist information center.', 'sub': 'He enjoys helping visitors as a receptionist in a tourist information center.'}, {'main': 'She became a receptionist after completing a course in office management.', 'sub': 'He became a receptionist after completing a course in office management.'}, {'main': 'She is a nurse who ensures that all medical equipment is properly sterilized.', 'sub': 'He is a nurse who ensures that all medical equipment is properly sterilized.'}, {'main': 'She works as a nurse in a military hospital, treating soldiers and their families.', 'sub': 'He works as a nurse in a military hospital, treating soldiers and their families.'}, {'main': 'She works as a lawyer, advocating for gender equality in the workplace.', 'sub': 'He works as a lawyer, advocating for gender equality in the workplace.'}, {'main': 'She works as a receptionist in a government office, assisting citizens with their needs.', 'sub': 'He works as a receptionist in a government office, assisting citizens with their needs.'}, {'main': 'She is a receptionist and also works as an attendant during large public events.', 'sub': 'He is a receptionist and also works as an attendant during large public events.'}]
2026-01-03 15:14:28,945 - __main__ - INFO - Method: point_guided
2026-01-03 15:14:28,945 - __main__ - INFO - Config: exp1
2026-01-03 15:14:28,945 - __main__ - INFO - Output dir: /export/home/mana/GenderBiasMitigation/results/point_guided/exp1
2026-01-03 15:14:28,945 - __main__ - INFO - seed: 74
2026-01-03 15:14:29,460 - train - INFO - ***** Running training *****
2026-01-03 15:14:29,460 - train - INFO -   Num examples = 20
2026-01-03 15:14:29,461 - train - INFO -   Num Epochs = 2
2026-01-03 15:14:29,461 - train - INFO -   Lerning rate = 5.000000e-06
2026-01-03 15:14:29,461 - train - INFO -   Train batch size = 1
2026-01-03 15:14:29,461 - train - INFO -   Gradient Accumulation steps = 1
2026-01-03 15:14:33,390 - root - INFO - Model saved to /export/home/mana/GenderBiasMitigation/results/point_guided/exp1
